// Jest Snapshot v1, https://goo.gl/fbAQLP

exports[`<PaymentOptions /> should render the heading 1`] = `
.c4 {
  display: inline-block;
  vertical-align: middle;
  overflow: hidden;
}

.c7 {
  display: -webkit-inline-box;
  display: -webkit-inline-flex;
  display: -ms-inline-flexbox;
  display: inline-flex;
  -webkit-align-items: center;
  -webkit-box-align: center;
  -ms-flex-align: center;
  align-items: center;
  -webkit-box-pack: center;
  -webkit-justify-content: center;
  -ms-flex-pack: center;
  justify-content: center;
  background: linear-gradient(180deg,#ff5f5f 0%,#f062c0 50%);
  color: #FAFAFA;
  border: 0;
  cursor: pointer;
  border-radius: 0.4rem;
  padding: 0.8rem;
  -webkit-text-decoration: none;
  text-decoration: none;
  height: 4rem;
  font-size: 1.4rem;
  padding: 0.8rem 3.2rem;
  width: 100%;
  background: none;
  color: #F231A5;
}

.c7:focus {
  outline: 1px dashed;
}

.c7:hover {
  background: none;
}

.c7:hover {
  color: #e20e8d;
}

.c8 {
  display: -webkit-inline-box;
  display: -webkit-inline-flex;
  display: -ms-inline-flexbox;
  display: inline-flex;
  -webkit-align-items: center;
  -webkit-box-align: center;
  -ms-flex-align: center;
  align-items: center;
  -webkit-box-pack: center;
  -webkit-justify-content: center;
  -ms-flex-pack: center;
  justify-content: center;
  background: linear-gradient(180deg,#ff5f5f 0%,#f062c0 50%);
  color: #FAFAFA;
  border: 0;
  cursor: pointer;
  border-radius: 0.4rem;
  padding: 0.8rem;
  -webkit-text-decoration: none;
  text-decoration: none;
  height: 4rem;
  font-size: 1.4rem;
  padding: 0.8rem 3.2rem;
  width: 100%;
  display: -webkit-inline-box;
  display: -webkit-inline-flex;
  display: -ms-inline-flexbox;
  display: inline-flex;
  -webkit-align-items: center;
  -webkit-box-align: center;
  -ms-flex-align: center;
  align-items: center;
  -webkit-box-pack: center;
  -webkit-justify-content: center;
  -ms-flex-pack: center;
  justify-content: center;
}

.c8:focus {
  outline: 1px dashed;
}

.c8:hover {
  background: linear-gradient(180deg,#e35565 0%,#d958a6 50%);
}

.c8 svg {
  width: 1.5rem;
}

.c8 svg + span {
  margin-left: 0.8rem;
}

.c8:disabled {
  cursor: not-allowed;
  -webkit-filter: saturate(30%);
  filter: saturate(30%);
}

.c1 {
  color: #030517;
  position: relative;
  margin-bottom: 3.2rem;
  font-size: 1.6rem;
}

.c1::after {
  position: absolute;
  left: 0%;
  bottom: -1rem;
  content: "";
  width: 5rem;
  border-bottom: 0.5rem solid #F231A5;
}

.c1::after {
  width: 3rem;
}

.c0 {
  padding: 2.4rem;
}

.c5 {
  background: #eee;
  color: #030517;
  font-weight: 600;
  padding: 2.4rem;
  display: -webkit-box;
  display: -webkit-flex;
  display: -ms-flexbox;
  display: flex;
  -webkit-align-items: center;
  -webkit-box-align: center;
  -ms-flex-align: center;
  align-items: center;
}

.c5 .c6 {
  padding-left: 0.8rem;
  padding-right: 0.8rem;
  outline: 0;
}

.c2 {
  display: -webkit-box;
  display: -webkit-flex;
  display: -ms-flexbox;
  display: flex;
  -webkit-flex-direction: column;
  -ms-flex-direction: column;
  flex-direction: column;
}

.c3 {
  background: #EAEAEA;
  border-radius: 0.2rem;
  color: #030517;
  padding: 0 0.8rem;
  height: 5rem;
  cursor: pointer;
  display: -webkit-box;
  display: -webkit-flex;
  display: -ms-flexbox;
  display: flex;
  -webkit-align-items: center;
  -webkit-box-align: center;
  -ms-flex-align: center;
  align-items: center;
}

.c3 svg {
  margin-left: 0.8rem;
  margin-right: 1.6rem;
  width: 2.4rem;
}

<div
  class=""
>
  <div
    class="c0"
  >
    <h2
      class="c1"
      color="black"
    >
      Payment
    </h2>
    <div
      class="c2"
    >
      <div
        class="c3"
        role="button"
      >
        <svg
          aria-hidden="true"
          class="c4"
          fill="currentColor"
          focusable="false"
          height="14"
          viewBox="0 0 24 24"
          width="14"
          xmlns="http://www.w3.org/2000/svg"
        >
          <path
            d="M19 13h-6v6h-2v-6H5v-2h6V5h2v6h6v2z"
          />
        </svg>
         Add a new credit card
      </div>
    </div>
  </div>
  <div
    class="c5"
  >
    <span
      class="c6 c7"
    >
      <span>
        Continue shopping
      </span>
    </span>
    <button
      class="c6 c8"
      disabled=""
    >
      <svg
        aria-hidden="true"
        class="c4"
        fill="currentColor"
        focusable="false"
        viewBox="0 0 24 24"
        xmlns="http://www.w3.org/2000/svg"
      >
        <path
          d="M15.55 13c.75 0 1.41-.41 1.75-1.03l3.58-6.49A.996.996 0 0 0 20.01 4H5.21l-.94-2H1v2h2l3.6 7.59-1.35 2.44C4.52 15.37 5.48 17 7 17h12v-2H7l1.1-2h7.45zM6.16 6h12.15l-2.76 5H8.53L6.16 6zM7 18c-1.1 0-1.99.9-1.99 2S5.9 22 7 22s2-.9 2-2-.9-2-2-2zm10 0c-1.1 0-1.99.9-1.99 2s.89 2 1.99 2 2-.9 2-2-.9-2-2-2z"
        />
      </svg>
      <span>
        Buy now
      </span>
    </button>
  </div>
</div>
`;
